// Jest Snapshot v1, https://goo.gl/fbAQLP

exports[`renders correctly 1`] = `
<section
  className="coin-list"
>
  <div
    className="coin"
  >
    Ethereum
     | 
    ETH
  </div>
  <div
    className="coin"
  >
    Bitcoin
     | 
    BTC
  </div>
</section>
`;
