// Jest Snapshot v1, https://goo.gl/fbAQLP

exports[`renders correctly 1`] = `
<input
  className="search-input"
  placeholder="Search for a coin"
  type="text"
/>
`;
