// Jest Snapshot v1, https://goo.gl/fbAQLP

exports[`renders correctly 1`] = `
<header
  className="site-header"
>
  <h1>
    Coinlist
  </h1>
</header>
`;
